
> react-kavia@0.1.0 start
> react-scripts start

Attempting to bind to HOST environment variable: 0.0.0.0
If this was unintentional, check that you haven't mistakenly set it in your shell.
Learn more here: https://cra.link/advanced-config

(node:38454) [DEP_WEBPACK_DEV_SERVER_ON_AFTER_SETUP_MIDDLEWARE] DeprecationWarning: 'onAfterSetupMiddleware' option is deprecated. Please use the 'setupMiddlewares' option.
(Use `node --trace-deprecation ...` to show where the warning was created)
(node:38454) [DEP_WEBPACK_DEV_SERVER_ON_BEFORE_SETUP_MIDDLEWARE] DeprecationWarning: 'onBeforeSetupMiddleware' option is deprecated. Please use the 'setupMiddlewares' option.
Starting the development server...

Compiled successfully!

You can now view react-kavia in the browser.

  Local:            http://localhost:3000
  On Your Network:  http://172.17.0.2:3000

Note that the development build is not optimized.
To create a production build, use npm run build.

webpack compiled successfully
Compiling...
Compiled successfully!
webpack compiled successfully
Compiling...
Failed to compile.

[eslint] 
src/App.js
  Line 36:48:  'FavoritesPage' is not defined  react/jsx-no-undef

Search for the keywords to learn more about each error.
ERROR in [eslint] 
src/App.js
  Line 36:48:  'FavoritesPage' is not defined  react/jsx-no-undef

Search for the keywords to learn more about each error.

webpack compiled with 1 error
Compiling...
Compiled successfully!
webpack compiled successfully
Compiling...
Compiled with warnings.

[eslint] 
src/AccessibilityContext.js
  Line 46:5:  React Hook useMemo has a missing dependency: 'saveUserPreferences'. Either include it or remove the dependency array  react-hooks/exhaustive-deps

Search for the keywords to learn more about each warning.
To ignore, add // eslint-disable-next-line to the line before.

WARNING in [eslint] 
src/AccessibilityContext.js
  Line 46:5:  React Hook useMemo has a missing dependency: 'saveUserPreferences'. Either include it or remove the dependency array  react-hooks/exhaustive-deps

webpack compiled with 1 warning
Compiling...
Failed to compile.

[eslint] 
src/pages/DailySuggestionPage.js
  Line 105:13:  'addFavorite' is not defined  no-undef

Search for the keywords to learn more about each error.
WARNING in [eslint] 
src/AccessibilityContext.js
  Line 46:5:  React Hook useMemo has a missing dependency: 'saveUserPreferences'. Either include it or remove the dependency array  react-hooks/exhaustive-deps

ERROR in [eslint] 
src/pages/DailySuggestionPage.js
  Line 105:13:  'addFavorite' is not defined  no-undef

Search for the keywords to learn more about each error.

webpack compiled with 1 error and 1 warning
Compiling...
Failed to compile.

[eslint] 
src/pages/DailySuggestionPage.js
  Line 103:5:   'setFavState' is not defined  no-undef
  Line 105:13:  'addFavorite' is not defined  no-undef
  Line 106:7:   'setFavState' is not defined  no-undef
  Line 108:7:   'setFavState' is not defined  no-undef
  Line 234:21:  'favState' is not defined     no-undef
  Line 234:47:  'favState' is not defined     no-undef
  Line 236:12:  'favState' is not defined     no-undef
  Line 238:15:  'favState' is not defined     no-undef

Search for the keywords to learn more about each error.
WARNING in [eslint] 
src/AccessibilityContext.js
  Line 46:5:  React Hook useMemo has a missing dependency: 'saveUserPreferences'. Either include it or remove the dependency array  react-hooks/exhaustive-deps

ERROR in [eslint] 
src/pages/DailySuggestionPage.js
  Line 103:5:   'setFavState' is not defined  no-undef
  Line 105:13:  'addFavorite' is not defined  no-undef
  Line 106:7:   'setFavState' is not defined  no-undef
  Line 108:7:   'setFavState' is not defined  no-undef
  Line 234:21:  'favState' is not defined     no-undef
  Line 234:47:  'favState' is not defined     no-undef
  Line 236:12:  'favState' is not defined     no-undef
  Line 238:15:  'favState' is not defined     no-undef

Search for the keywords to learn more about each error.

webpack compiled with 1 error and 1 warning
Compiling...
Failed to compile.

[eslint] 
src/pages/DailySuggestionPage.js
  Line 103:5:   'setFavState' is not defined  no-undef
  Line 105:13:  'addFavorite' is not defined  no-undef
  Line 106:7:   'setFavState' is not defined  no-undef
  Line 108:7:   'setFavState' is not defined  no-undef

Search for the keywords to learn more about each error.
WARNING in [eslint] 
src/AccessibilityContext.js
  Line 46:5:  React Hook useMemo has a missing dependency: 'saveUserPreferences'. Either include it or remove the dependency array  react-hooks/exhaustive-deps

src/pages/DailySuggestionPage.js
  Line 101:18:  'handleFavorite' is defined but never used  no-unused-vars

ERROR in [eslint] 
src/pages/DailySuggestionPage.js
  Line 103:5:   'setFavState' is not defined  no-undef
  Line 105:13:  'addFavorite' is not defined  no-undef
  Line 106:7:   'setFavState' is not defined  no-undef
  Line 108:7:   'setFavState' is not defined  no-undef

Search for the keywords to learn more about each error.

webpack compiled with 1 error and 1 warning
Compiling...
Failed to compile.

[eslint] 
src/pages/DailySuggestionPage.js
  Line 103:5:   'setFavState' is not defined  no-undef
  Line 105:13:  'addFavorite' is not defined  no-undef
  Line 106:7:   'setFavState' is not defined  no-undef
  Line 108:7:   'setFavState' is not defined  no-undef

Search for the keywords to learn more about each error.
WARNING in [eslint] 
src/AccessibilityContext.js
  Line 46:5:  React Hook useMemo has a missing dependency: 'saveUserPreferences'. Either include it or remove the dependency array  react-hooks/exhaustive-deps

src/pages/DailySuggestionPage.js
  Line 101:18:  'handleFavorite' is defined but never used  no-unused-vars

ERROR in [eslint] 
src/pages/DailySuggestionPage.js
  Line 103:5:   'setFavState' is not defined  no-undef
  Line 105:13:  'addFavorite' is not defined  no-undef
  Line 106:7:   'setFavState' is not defined  no-undef
  Line 108:7:   'setFavState' is not defined  no-undef

Search for the keywords to learn more about each error.

webpack compiled with 1 error and 1 warning
Compiling...
Compiled with warnings.

[eslint] 
src/AccessibilityContext.js
  Line 46:5:  React Hook useMemo has a missing dependency: 'saveUserPreferences'. Either include it or remove the dependency array  react-hooks/exhaustive-deps

Search for the keywords to learn more about each warning.
To ignore, add // eslint-disable-next-line to the line before.

WARNING in [eslint] 
src/AccessibilityContext.js
  Line 46:5:  React Hook useMemo has a missing dependency: 'saveUserPreferences'. Either include it or remove the dependency array  react-hooks/exhaustive-deps

webpack compiled with 1 warning
